   Jenkinsfile.run()
      Jenkinsfile.node(groovy.lang.Closure)
         Jenkinsfile.stage(checkout, groovy.lang.Closure)
            Jenkinsfile.checkout({})
         Jenkinsfile.stage(unit-test, groovy.lang.Closure)
            Jenkinsfile.ansiColor(xterm, groovy.lang.Closure)
               Jenkinsfile.sh(./runDevEnvironment.sh)
            Jenkinsfile.catchError({buildResult=SUCCESS, message=Failure in report generation}, groovy.lang.Closure)
               Jenkinsfile.junit({testResults=build/test-results/test/*.xml, allowEmptyResults=true})
               Jenkinsfile.publishHTML({target={allowMissing=true, alwaysLinkToLastBuild=false, keepAll=true, reportDir=build/reports/tests/test, reportFiles=index.html, reportName=Test summary report}})
