   Jenkinsfile.run()
      Jenkinsfile.node(CloudSmall, groovy.lang.Closure)
         Jenkinsfile.ansiColor(xterm, groovy.lang.Closure)
            Jenkinsfile.stage(checkout, groovy.lang.Closure)
               Jenkinsfile.checkout({})
            Jenkinsfile.parallel({failFast=false, lint=groovy.lang.Closure, unitTest=groovy.lang.Closure})
               Jenkinsfile.stage(lint, groovy.lang.Closure)
                  Jenkinsfile.sh(./dev lint)
                  Jenkinsfile.sh(./dev lint-commits)
                  Jenkinsfile.sh(sudo find -mindepth 1 -maxdepth 1 -exec chown --preserve-root --recursive jenkins: {} + || true)
                  Jenkinsfile.sh(sudo find -mindepth 1 -maxdepth 1 -exec chmod --preserve-root --recursive u+rw {} + || true)
                  Jenkinsfile.archiveArtifacts({artifacts=megalinter-reports/megalinter.log, linters_logs/ERROR-*, allowEmptyArchive=true})
               Jenkinsfile.stage(unitTest, groovy.lang.Closure)
                  Jenkinsfile.sh(./dev test)
                  Jenkinsfile.catchError({buildResult=SUCCESS, message=Failure in report generation}, groovy.lang.Closure)
                     Jenkinsfile.junit({testResults=build/test-results/test/*.xml, allowEmptyResults=true})
                     Jenkinsfile.publishHTML({target={allowMissing=true, alwaysLinkToLastBuild=false, keepAll=true, reportDir=build/reports/tests/test, reportFiles=index.html, reportName=Test summary report}})
